// Jest Snapshot v1, https://goo.gl/fbAQLP

exports[`Test render & styles Login component snapshot 1`] = `
<form
  onSubmit={[Function]}
>
  <div
    className="form-group"
  >
    <div
      className="row"
    >
      <div
        className="col col-md-4"
      >
        <label
          className=""
          htmlFor={undefined}
        >
          Username
        </label>
      </div>
      <div
        className="col col-md-7"
      >
        <input
          className="form-control"
          name="username"
          onChange={[Function]}
          placeholder="Username"
          required={true}
          type="text"
          value=""
        />
      </div>
    </div>
  </div>
  <div
    className="form-group"
  >
    <div
      className="row"
    >
      <div
        className="col col-md-4"
      >
        <label
          className=""
          htmlFor={undefined}
        >
          Password
        </label>
      </div>
      <div
        className="col col-md-7"
      >
        <input
          className="form-control"
          name="password"
          onChange={[Function]}
          placeholder="Password"
          required={true}
          type="password"
          value=""
        />
      </div>
    </div>
  </div>
  <div
    className="row"
  >
    <div
      className="col col-md-7 offset-md-4"
    >
      <button
        className="btn btn-secondary btn-block"
        onClick={[Function]}
        type="submit"
      >
        Login
      </button>
    </div>
  </div>
</form>
`;
