// Jest Snapshot v1, https://goo.gl/fbAQLP

exports[`Footer snapshot 1`] = `
<div
  className={undefined}
>
  <p>
    © 2018 · Mason Park
  </p>
</div>
`;
